MPLINK 5.08, LINKER
Linker Map File - Created Sun Aug 07 03:39:31 2016

                                 Section Info
                  Section       Type    Address   Location Size(Bytes)
                ---------  ---------  ---------  ---------  ---------
                   .org_0       code   0x000000    program   0x000036
                   .cinit    romdata   0x00001b    program   0x000004
.config_2007_BUILD/DEFAULT/PRODUCTION/SERIAL1       code   0x002007    program   0x000002



                              Program Memory Usage 
                               Start         End      
                           ---------   ---------      
                            0x000000    0x00001c      
                            0x002007    0x002007      
            30 out of 2182 program addresses used, program memory utilization is 1%



                              Symbols - Sorted by Name
                     Name    Address   Location    Storage File                     
                ---------  ---------  ---------  --------- ---------                
             _.org_0_001A   0x00001a    program     static C:\Users\Julian Santos\MPLABXProjects\Serial16FCommunication.X\Serial16F.asm
                     main   0x000000    program     static C:\Users\Julian Santos\MPLABXProjects\Serial16FCommunication.X\Serial16F.asm
                     wait   0x000014    program     static C:\Users\Julian Santos\MPLABXProjects\Serial16FCommunication.X\Serial16F.asm



                              Symbols - Sorted by Address
                     Name    Address   Location    Storage File                     
                ---------  ---------  ---------  --------- ---------                
                     main   0x000000    program     static C:\Users\Julian Santos\MPLABXProjects\Serial16FCommunication.X\Serial16F.asm
                     wait   0x000014    program     static C:\Users\Julian Santos\MPLABXProjects\Serial16FCommunication.X\Serial16F.asm
             _.org_0_001A   0x00001a    program     static C:\Users\Julian Santos\MPLABXProjects\Serial16FCommunication.X\Serial16F.asm


